['pool::tests::budget::account_position'] = {
    "cpu_cost": 431806346,
    "memory_cost": 431806346,
}
['pool::tests::budget::borrow'] = {
    "cpu_cost": 392017417,
    "memory_cost": 392017417,
}
['pool::tests::budget::collat_coeff'] = {
    "cpu_cost": 408100155,
    "memory_cost": 408100155,
}
['pool::tests::budget::configure_as_collateral'] = {
    "cpu_cost": 114015973,
    "memory_cost": 114015973,
}
['pool::tests::budget::debt_coeff'] = {
    "cpu_cost": 393456651,
    "memory_cost": 393456651,
}
['pool::tests::budget::deposit'] = {
    "cpu_cost": 144731326,
    "memory_cost": 144731326,
}
['pool::tests::budget::enable_borrowing_on_reserve'] = {
    "cpu_cost": 104345569,
    "memory_cost": 104345569,
}
['pool::tests::budget::get_reserve'] = {
    "cpu_cost": 103712916,
    "memory_cost": 103712916,
}
['pool::tests::budget::init_reserve'] = {
    "cpu_cost": 12736636,
    "memory_cost": 12736636,
}
['pool::tests::budget::ir_params'] = {
    "cpu_cost": 103587298,
    "memory_cost": 103587298,
}
['pool::tests::budget::liquidate'] = {
    "cpu_cost": 513313360,
    "memory_cost": 513313360,
}
['pool::tests::budget::paused'] = {
    "cpu_cost": 103693009,
    "memory_cost": 103693009,
}
['pool::tests::budget::price_feed'] = {
    "cpu_cost": 103627442,
    "memory_cost": 103627442,
}
['pool::tests::budget::repay'] = {
    "cpu_cost": 419756805,
    "memory_cost": 419756805,
}
['pool::tests::budget::set_as_collateral'] = {
    "cpu_cost": 349262426,
    "memory_cost": 349262426,
}
['pool::tests::budget::set_ir_params'] = {
    "cpu_cost": 104335295,
    "memory_cost": 104335295,
}
['pool::tests::budget::set_pause'] = {
    "cpu_cost": 104243717,
    "memory_cost": 104243717,
}
['pool::tests::budget::set_price_feed'] = {
    "cpu_cost": 859499,
    "memory_cost": 859499,
}
['pool::tests::budget::set_reserve_status'] = {
    "cpu_cost": 104295652,
    "memory_cost": 104295652,
}
['pool::tests::budget::stoken_underlying_balance'] = {
    "cpu_cost": 145329970,
    "memory_cost": 145329970,
}
['pool::tests::budget::treasury'] = {
    "cpu_cost": 260578,
    "memory_cost": 260578,
}
['pool::tests::budget::user_configuration'] = {
    "cpu_cost": 312255606,
    "memory_cost": 312255606,
}
['pool::tests::budget::withdraw'] = {
    "cpu_cost": 348493668,
    "memory_cost": 348493668,
}
