['pool::tests::budget::account_position'] = {
    "cpu_cost": 419368346,
    "memory_cost": 419368346,
}
['pool::tests::budget::borrow'] = {
    "cpu_cost": 379234802,
    "memory_cost": 379234802,
}
['pool::tests::budget::collat_coeff'] = {
    "cpu_cost": 395511711,
    "memory_cost": 395511711,
}
['pool::tests::budget::configure_as_collateral'] = {
    "cpu_cost": 116934323,
    "memory_cost": 116934323,
}
['pool::tests::budget::debt_coeff'] = {
    "cpu_cost": 380539622,
    "memory_cost": 380539622,
}
['pool::tests::budget::deposit'] = {
    "cpu_cost": 143022503,
    "memory_cost": 143022503,
}
['pool::tests::budget::enable_borrowing_on_reserve'] = {
    "cpu_cost": 106989735,
    "memory_cost": 106989735,
}
['pool::tests::budget::flash_loan_fee'] = {
    "cpu_cost": 106375086,
    "memory_cost": 106375086,
}
['pool::tests::budget::get_reserve'] = {
    "cpu_cost": 106297891,
    "memory_cost": 106297891,
}
['pool::tests::budget::init_reserve'] = {
    "cpu_cost": 12942233,
    "memory_cost": 12942233,
}
['pool::tests::budget::ir_params'] = {
    "cpu_cost": 106318121,
    "memory_cost": 106318121,
}
['pool::tests::budget::liquidate'] = {
    "cpu_cost": 482748335,
    "memory_cost": 482748335,
}
['pool::tests::budget::paused'] = {
    "cpu_cost": 106401977,
    "memory_cost": 106401977,
}
['pool::tests::budget::price_feed'] = {
    "cpu_cost": 106406702,
    "memory_cost": 106406702,
}
['pool::tests::budget::repay'] = {
    "cpu_cost": 407494567,
    "memory_cost": 407494567,
}
['pool::tests::budget::set_as_collateral'] = {
    "cpu_cost": 340739875,
    "memory_cost": 340739875,
}
['pool::tests::budget::set_flash_loan_fee'] = {
    "cpu_cost": 106994319,
    "memory_cost": 106994319,
}
['pool::tests::budget::set_ir_params'] = {
    "cpu_cost": 106996810,
    "memory_cost": 106996810,
}
['pool::tests::budget::set_pause'] = {
    "cpu_cost": 106967012,
    "memory_cost": 106967012,
}
['pool::tests::budget::set_price_feed'] = {
    "cpu_cost": 912933,
    "memory_cost": 912933,
}
['pool::tests::budget::set_reserve_status'] = {
    "cpu_cost": 107029366,
    "memory_cost": 107029366,
}
['pool::tests::budget::stoken_underlying_balance'] = {
    "cpu_cost": 143791965,
    "memory_cost": 143791965,
}
['pool::tests::budget::treasury'] = {
    "cpu_cost": 300401,
    "memory_cost": 300401,
}
['pool::tests::budget::user_configuration'] = {
    "cpu_cost": 298363892,
    "memory_cost": 298363892,
}
['pool::tests::budget::withdraw'] = {
    "cpu_cost": 335294627,
    "memory_cost": 335294627,
}
