{
  "deposit": {
    "cpuInsns": "36795100",
    "memBytes": "4023565"
  }
}
{
  "borrow": {
    "cpuInsns": "37584587",
    "memBytes": "4027722"
  }
}
{
  "withdraw": {
    "cpuInsns": "37621802",
    "memBytes": "4031271"
  }
}
{
  "repay": {
    "cpuInsns": "36861782",
    "memBytes": "4026218"
  }
}
